package org.iuv.test.controllers

import org.springframework.web.bind.annotation.DeleteMapping
import org.springframework.web.bind.annotation.GetMapping
import org.springframework.web.bind.annotation.PathVariable
import org.springframework.web.bind.annotation.PostMapping
import org.springframework.web.bind.annotation.RequestBody
import org.springframework.web.bind.annotation.RequestParam
import org.iuv.test.models.NewPet
import org.iuv.test.models.Pet

interface PetStoreController {

    @GetMapping("/pets")
    fun findPets(@RequestParam tags : List<String>?, @RequestParam limit : Int?) : List<Pet>

    @PostMapping("/pets")
    fun addPet(@RequestBody body : NewPet) : Pet

    @GetMapping("/pets/{id}")
    fun findPetById(@PathVariable id : Long) : Pet

    @DeleteMapping("/pets/{id}")
    fun deletePet(@PathVariable id : Long)

}